// Jest Snapshot v1, https://goo.gl/fbAQLP

exports[`higher-order-popup-component should render the component 1`] = `null`;

exports[`higher-order-popup-component should render the component with provider 1`] = `
<Connect(PopupComponent)
  closePopup={[Function]}
  id="testPopup"
  prop1="prop1_value"
  updatePopupProps={[Function]}
/>
`;
