// Jest Snapshot v1, https://goo.gl/fbAQLP

exports[`modal-component should render component 1`] = `
<div>
  <div
    className="my-layover-class"
  />
  <div
    className="my-class"
    style={
      Object {
        "color": "#fff",
        "left": 0,
        "top": 0,
      }
    }
  >
    <div>
      View
    </div>
  </div>
</div>
`;
